// Jest Snapshot v1, https://goo.gl/fbAQLP

exports[`Login Component use jest snapshot to test login component render Login compenent as expected 1`] = `
<DocumentFragment>
  <div
    class="d-flex flex-column align-items-center justify-content-center mt-5 pt-5 "
  >
    <h1>
      Login here Please
    </h1>
    <form
      class="w-50"
    >
      <div
        class="mb-3"
      >
        <div
          class="d-flex flex-column"
        >
          <label
            class="form-label"
            for="formBasicEmail"
          >
            Username
          </label>
          <label
            class="text-danger form-label"
            for="formBasicEmail"
          />
        </div>
        <input
          class="form-control"
          id="formBasicEmail"
          placeholder="Enter username"
          type="text"
          value=""
        />
      </div>
      <div
        class="mb-3"
      >
        <label
          class="form-label"
          for="formBasicPassword"
        >
          Password
        </label>
        <input
          class="form-control"
          id="formBasicPassword"
          placeholder="Password"
          type="password"
          value=""
        />
      </div>
      <div
        class="d-flex justify-content-between"
      >
        <button
          class="btn btn-primary"
          type="submit"
        >
          Login
        </button>
        <a
          class="nav-link"
          href="/signup"
        >
          SignUP
        </a>
      </div>
    </form>
  </div>
</DocumentFragment>
`;
